<?xml version="1.0" encoding="utf-8"?>
<databaseChangeLog
        xmlns="http://www.liquibase.org/xml/ns/dbchangelog"
        xmlns:xsi="http://www.w3.org/2001/XMLSchema-instance"
        xsi:schemaLocation="http://www.liquibase.org/xml/ns/dbchangelog http://www.liquibase.org/xml/ns/dbchangelog/dbchangelog-3.6.xsd">
        <!-- DON'T EDIT! THIS FILE GENERATED BY tezrok at 2023-03-19T15:32:54 -->

    <include file="/updates/2023-03-19_153254-Initial.sql" relativeToChangelogFile="true"/>
</databaseChangeLog>
